Archive member included to satisfy reference by file (symbol)

build/cooja/mtype296.a(simEnvChange.o)
                              build/cooja/mtype296.o (simDontFallAsleep)
build/cooja/mtype296.a(cooja_mt.o)
                              build/cooja/mtype296.o (cooja_mt_start)
build/cooja/mtype296.a(cooja_mtarch.o)
                              build/cooja/mtype296.a(cooja_mt.o) (cooja_mtarch_start)
build/cooja/mtype296.a(rtimer-arch.o)
                              build/cooja/mtype296.o (rtimer_arch_check)
build/cooja/mtype296.a(beep.o)
                              build/cooja/mtype296.o (beep_interface)
build/cooja/mtype296.a(leds-arch.o)
                              build/cooja/mtype296.o (leds_interface)
build/cooja/mtype296.a(moteid.o)
                              build/cooja/mtype296.o (moteid_interface)
build/cooja/mtype296.a(pir-sensor.o)
                              build/cooja/mtype296.o (pir_interface)
build/cooja/mtype296.a(rs232.o)
                              build/cooja/mtype296.o (rs232_interface)
build/cooja/mtype296.a(vib-sensor.o)
                              build/cooja/mtype296.o (vib_interface)
build/cooja/mtype296.a(clock.o)
                              build/cooja/mtype296.o (clock_interface)
build/cooja/mtype296.a(cooja-log.o)
                              build/cooja/mtype296.o (simlog_interface)
build/cooja/mtype296.a(cfs-cooja.o)
                              build/cooja/mtype296.o (cfs_interface)
build/cooja/mtype296.a(cooja-radio.o)
                              build/cooja/mtype296.o (radio_interface)
build/cooja/mtype296.a(eeprom.o)
                              build/cooja/mtype296.o (eeprom_interface)
build/cooja/mtype296.a(random.o)
                              build/cooja/mtype296.a(moteid.o) (random_init)
build/cooja/mtype296.a(sensors.o)
                              build/cooja/mtype296.a(pir-sensor.o) (sensors_changed)
build/cooja/mtype296.a(leds.o)
                              build/cooja/mtype296.a(leds-arch.o) (leds_get)
build/cooja/mtype296.a(gpio-hal-arch.o)
                              build/cooja/mtype296.a(leds-arch.o) (gpio_hal_arch_register_pin_callback)
build/cooja/mtype296.a(buttons.o)
                              build/cooja/mtype296.o (button_interface)
build/cooja/mtype296.a(contiki-main.o)
                              build/cooja/mtype296.o (main)
build/cooja/mtype296.a(autostart.o)
                              build/cooja/mtype296.a(contiki-main.o) (autostart_start)
build/cooja/mtype296.a(ctimer.o)
                              build/cooja/mtype296.a(contiki-main.o) (ctimer_init)
build/cooja/mtype296.a(energest.o)
                              build/cooja/mtype296.a(contiki-main.o) (energest_init)
build/cooja/mtype296.a(etimer.o)
                              build/cooja/mtype296.a(contiki-main.o) (etimer_process)
build/cooja/mtype296.a(log.o)
                              build/cooja/mtype296.a(contiki-main.o) (curr_log_level_main)
build/cooja/mtype296.a(rtimer.o)
                              build/cooja/mtype296.a(contiki-main.o) (rtimer_init)
build/cooja/mtype296.a(node-id.o)
                              build/cooja/mtype296.a(contiki-main.o) (node_id)
build/cooja/mtype296.a(process.o)
                              build/cooja/mtype296.a(ctimer.o) (process_current)
build/cooja/mtype296.a(timer.o)
                              build/cooja/mtype296.a(etimer.o) (timer_set)
build/cooja/mtype296.a(list.o)
                              build/cooja/mtype296.a(ctimer.o) (list_init)
build/cooja/mtype296.a(button-hal.o)
                              build/cooja/mtype296.o (button_hal_init)
build/cooja/mtype296.a(serial-line.o)
                              build/cooja/mtype296.a(rs232.o) (serial_line_input_byte)
build/cooja/mtype296.a(gpio-hal.o)
                              build/cooja/mtype296.a(button-hal.o) (gpio_hal_register_handler)
build/cooja/mtype296.a(queuebuf.o)
                              build/cooja/mtype296.a(contiki-main.o) (queuebuf_init)
build/cooja/mtype296.a(packetbuf.o)
                              build/cooja/mtype296.a(cooja-radio.o) (packetbuf_clear)
build/cooja/mtype296.a(netstack.o)
                              build/cooja/mtype296.a(contiki-main.o) (netstack_init)
build/cooja/mtype296.a(linkaddr.o)
                              build/cooja/mtype296.a(contiki-main.o) (linkaddr_node_addr)
build/cooja/mtype296.a(csma.o)
                              build/cooja/mtype296.a(cooja-radio.o) (csma_driver)
build/cooja/mtype296.a(csma-output.o)
                              build/cooja/mtype296.a(csma.o) (csma_output_packet)
build/cooja/mtype296.a(uip-ds6.o)
                              receiver-node.o (uip_ds6_if)
build/cooja/mtype296.a(uip-ds6-route.o)
                              build/cooja/mtype296.a(uip-ds6.o) (uip_ds6_route_init)
build/cooja/mtype296.a(tcpip.o)
                              build/cooja/mtype296.a(contiki-main.o) (tcpip_process)
build/cooja/mtype296.a(uip6.o)
[...]
Memory Configuration

Name             Origin             Length             Attributes
*default*        0x0000000000000000 0xffffffffffffffff

Linker script and memory map

LOAD /usr/lib/gcc/i686-linux-gnu/5/../../../i386-linux-gnu/crti.o
LOAD /usr/lib/gcc/i686-linux-gnu/5/crtbeginS.o
LOAD receiver-node.o
LOAD build/cooja/mtype296.o
LOAD build/cooja/mtype296.a
LOAD /usr/lib/gcc/i686-linux-gnu/5/libgcc.a
LOAD /usr/lib/gcc/i686-linux-gnu/5/libgcc_s.so
LOAD /usr/lib/gcc/i686-linux-gnu/5/../../../i386-linux-gnu/libc.so
START GROUP
LOAD /lib/i386-linux-gnu/libc.so.6
LOAD /usr/lib/i386-linux-gnu/libc_nonshared.a
LOAD /lib/i386-linux-gnu/ld-linux.so.2
END GROUP
LOAD /usr/lib/gcc/i686-linux-gnu/5/libgcc.a
LOAD /usr/lib/gcc/i686-linux-gnu/5/libgcc_s.so
LOAD /usr/lib/gcc/i686-linux-gnu/5/crtendS.o
LOAD /usr/lib/gcc/i686-linux-gnu/5/../../../i386-linux-gnu/crtn.o
                0x0000000000000114                . = (0x0 + SIZEOF_HEADERS)

.note.gnu.build-id
                0x0000000000000114       0x24
 *(.note.gnu.build-id)
 .note.gnu.build-id
                0x0000000000000114       0x24 /usr/lib/gcc/i686-linux-gnu/5/../../../i386-linux-gnu/crti.o

.hash
 *(.hash)

.gnu.hash       0x0000000000000138     0x1418
 *(.gnu.hash)
 .gnu.hash      0x0000000000000138     0x1418 /usr/lib/gcc/i686-linux-gnu/5/../../../i386-linux-gnu/crti.o

.dynsym         0x0000000000001550     0x28b0
 *(.dynsym)
 .dynsym        0x0000000000001550     0x28b0 /usr/lib/gcc/i686-linux-gnu/5/../../../i386-linux-gnu/crti.o

.dynstr         0x0000000000003e00     0x2e2e
 *(.dynstr)
 .dynstr        0x0000000000003e00     0x2e2e /usr/lib/gcc/i686-linux-gnu/5/../../../i386-linux-gnu/crti.o

.gnu.version    0x0000000000006c2e      0x516
 *(.gnu.version)
 .gnu.version   0x0000000000006c2e      0x516 /usr/lib/gcc/i686-linux-gnu/5/../../../i386-linux-gnu/crti.o

.gnu.version_d  0x0000000000007144        0x0
 *(.gnu.version_d)
 .gnu.version_d
                0x0000000000007144        0x0 /usr/lib/gcc/i686-linux-gnu/5/../../../i386-linux-gnu/crti.o

.gnu.version_r  0x0000000000007144       0x40
 *(.gnu.version_r)
 .gnu.version_r
                0x0000000000007144       0x40 /usr/lib/gcc/i686-linux-gnu/5/../../../i386-linux-gnu/crti.o

.rel.dyn        0x0000000000007184     0x9e58
 *(.rel.init)
 .rel.init      0x0000000000007184        0x0 /usr/lib/gcc/i686-linux-gnu/5/../../../i386-linux-gnu/crti.o
 *(.rel.text .rel.text.* .rel.gnu.linkonce.t.*)
 .rel.text      0x0000000000007184     0x9730 /usr/lib/gcc/i686-linux-gnu/5/../../../i386-linux-gnu/crti.o
 *(.rel.fini)
 .rel.fini      0x00000000000108b4        0x0 /usr/lib/gcc/i686-linux-gnu/5/../../../i386-linux-gnu/crti.o
 *(.rel.rodata .rel.rodata.* .rel.gnu.linkonce.r.*)
 .rel.rodata    0x00000000000108b4      0x388 /usr/lib/gcc/i686-linux-gnu/5/../../../i386-linux-gnu/crti.o
 *(.rel.data.rel.ro .rel.data.rel.ro.* .rel.gnu.linkonce.d.rel.ro.*)
 *(.rel.data .rel.data.* .rel.gnu.linkonce.d.*)
 .rel.data.rel.local
                0x0000000000010c3c        0x8 /usr/lib/gcc/i686-linux-gnu/5/../../../i386-linux-gnu/crti.o
 .rel.data      0x0000000000010c44      0x360 /usr/lib/gcc/i686-linux-gnu/5/../../../i386-linux-gnu/crti.o
 *(.rel.tdata .rel.tdata.* .rel.gnu.linkonce.td.*)
 *(.rel.tbss .rel.tbss.* .rel.gnu.linkonce.tb.*)
 *(.rel.ctors)
 *(.rel.dtors)
 *(.rel.got)
 .rel.got       0x0000000000010fa4       0x28 /usr/lib/gcc/i686-linux-gnu/5/../../../i386-linux-gnu/crti.o
 *(.rel.bss .rel.bss.* .rel.gnu.linkonce.b.*)
 *(.rel.ifunc)
 .rel.ifunc     0x0000000000010fcc        0x0 /usr/lib/gcc/i686-linux-gnu/5/../../../i386-linux-gnu/crti.o
 .rel.fini_array
                0x0000000000010fcc        0x8 /usr/lib/gcc/i686-linux-gnu/5/../../../i386-linux-gnu/crti.o
 .rel.init_array
                0x0000000000010fd4        0x8 /usr/lib/gcc/i686-linux-gnu/5/../../../i386-linux-gnu/crti.o

.rel.plt        0x0000000000010fdc        0x0
 *(.rel.plt)
 .rel.plt       0x0000000000010fdc        0x0 /usr/lib/gcc/i686-linux-gnu/5/../../../i386-linux-gnu/crti.o
 *(.rel.iplt)

.init           0x0000000000010fdc       0x23
 *(SORT(.init))
 .init          0x0000000000010fdc       0x1e /usr/lib/gcc/i686-linux-gnu/5/../../../i386-linux-gnu/crti.o
                0x0000000000010fdc                _init
 .init          0x0000000000010ffa        0x5 /usr/lib/gcc/i686-linux-gnu/5/../../../i386-linux-gnu/crtn.o

.plt            0x0000000000011000       0x10
 *(.plt)
 .plt           0x0000000000011000       0x10 /usr/lib/gcc/i686-linux-gnu/5/../../../i386-linux-gnu/crti.o
 *(.iplt)

.plt.got        0x0000000000011010       0x10
 *(.plt.got)
 .plt.got       0x0000000000011010       0x10 /usr/lib/gcc/i686-linux-gnu/5/../../../i386-linux-gnu/crti.o

.text           0x0000000000011020    0x16067
 *(.text.unlikely .text.*_unlikely .text.unlikely.*)
 .text.unlikely
                0x0000000000011020        0x0 /usr/lib/gcc/i686-linux-gnu/5/crtbeginS.o
 *(.text.exit .text.exit.*)
 *(.text.startup .text.startup.*)
 *(.text.hot .text.hot.*)
 *(.text .stub .text.* .gnu.linkonce.t.*)
 .text          0x0000000000011020        0x0 /usr/lib/gcc/i686-linux-gnu/5/../../../i386-linux-gnu/crti.o
 .gnu.linkonce.t.__x86.get_pc_thunk.bx
                0x0000000000011020        0x4 /usr/lib/gcc/i686-linux-gnu/5/../../../i386-linux-gnu/crti.o
                0x0000000000011020                __x86.get_pc_thunk.bx
 *fill*         0x0000000000011024        0xc 
 .text          0x0000000000011030      0x11c /usr/lib/gcc/i686-linux-gnu/5/crtbeginS.o
 .text.__x86.get_pc_thunk.dx
                0x000000000001114c        0x4 /usr/lib/gcc/i686-linux-gnu/5/crtbeginS.o
                0x000000000001114c                __x86.get_pc_thunk.dx
 .text          0x0000000000011150      0x204 receiver-node.o
 .text          0x0000000000011354      0x283 build/cooja/mtype296.o
                0x00000000000113e6                platform_init_stage_one
                0x00000000000113f9                platform_init_stage_two
                0x000000000001140c                platform_init_stage_three
                0x000000000001141f                platform_main_loop
                0x0000000000011492                Java_org_contikios_cooja_corecomm_Lib3_init
                0x00000000000114c9                Java_org_contikios_cooja_corecomm_Lib3_getMemory
                0x00000000000114fc                Java_org_contikios_cooja_corecomm_Lib3_setMemory
                0x000000000001155c                Java_org_contikios_cooja_corecomm_Lib3_tick
                0x00000000000115c4                Java_org_contikios_cooja_corecomm_Lib3_setReferenceAddress
 .text          0x00000000000115d7       0x65 build/cooja/mtype296.a(simEnvChange.o)
                0x00000000000115d7                doActionsBeforeTick
                0x0000000000011609                doActionsAfterTick
 .text          0x000000000001163c       0x83 build/cooja/mtype296.a(cooja_mt.o)
                0x000000000001163c                cooja_mt_start
                0x0000000000011666                cooja_mt_exec
                0x000000000001169c                cooja_mt_yield
 .text          0x00000000000116bf       0xbe build/cooja/mtype296.a(cooja_mtarch.o)
                0x00000000000116bf                cooja_mtarch_start
                0x0000000000011732                cooja_sw
                0x0000000000011755                cooja_mtarch_exec
                0x0000000000011772                cooja_mtarch_yield
 .text          0x000000000001177d       0xc5 build/cooja/mtype296.a(rtimer-arch.o)
                0x000000000001177d                rtimer_arch_init
                0x00000000000117a1                rtimer_arch_schedule
                0x00000000000117d1                rtimer_arch_next
                0x00000000000117e1                rtimer_arch_pending
                0x00000000000117eb                rtimer_arch_check
                0x0000000000011832                rtimer_arch_now
 .text          0x0000000000011842       0x81 build/cooja/mtype296.a(beep.o)
                0x0000000000011842                beep_alarm
                0x000000000001184f                beep_beep
                0x000000000001185c                beep
                0x0000000000011869                beep_down
                0x0000000000011876                beep_on
                0x0000000000011883                beep_off
                0x0000000000011890                beep_spinup
                0x000000000001189d                beep_quick
                0x00000000000118aa                beep_long
 .text          0x00000000000118c3       0x65 build/cooja/mtype296.a(leds-arch.o)
                0x00000000000118d6                leds_arch_init
 .text          0x0000000000011928       0x35 build/cooja/mtype296.a(moteid.o)
 .text          0x000000000001195d       0xb7 build/cooja/mtype296.a(pir-sensor.o)
 .text          0x0000000000011a14      0x148 build/cooja/mtype296.a(rs232.o)
                0x0000000000011a14                rs232_init
                0x0000000000011a1a                rs232_set_speed
                0x0000000000011a29                rs232_set_input
                0x0000000000011a37                rs232_send
                0x0000000000011a5b                rs232_print
                0x0000000000011a77                slip_arch_writeb
 .text          0x0000000000011b5c       0xb7 build/cooja/mtype296.a(vib-sensor.o)
 .text          0x0000000000011c13       0x38 build/cooja/mtype296.a(clock.o)
                0x0000000000011c13                clock_init
                0x0000000000011c19                clock_time
                0x0000000000011c23                clock_seconds
                0x0000000000011c39                clock_delay
 .text          0x0000000000011c4b      0x219 build/cooja/mtype296.a(cooja-log.o)
                0x0000000000011c4b                simlog_char
                0x0000000000011c8e                simlog
                0x0000000000011d04                log_message
                0x0000000000011d35                log_set_putchar_with_slip
                0x0000000000011d43                log_putchar
                0x0000000000011dbe                log_puts
                0x0000000000011de6                log_printf
 .text          0x0000000000011e64      0x2b9 build/cooja/mtype296.a(cfs-cooja.o)
                0x0000000000011e64                cfs_open
                0x0000000000011ecd                cfs_close
                0x0000000000011eda                cfs_read
                0x0000000000011f6f                cfs_write
                0x000000000001204b                cfs_seek
                0x00000000000120d3                cfs_remove
                0x00000000000120f7                cfs_opendir
                0x0000000000012101                cfs_readdir
                0x000000000001210b                cfs_closedir
 .text          0x000000000001211d      0x62b build/cooja/mtype296.a(cooja-radio.o)
                0x000000000001215f                radio_set_channel
                0x000000000001216d                radio_set_txpower
                0x0000000000012185                radio_signal_strength_last
                0x000000000001218f                radio_signal_strength_current
                0x0000000000012199                radio_LQI
 .text          0x0000000000012748       0xee build/cooja/mtype296.a(eeprom.o)
                0x0000000000012748                eeprom_init
                0x000000000001274e                eeprom_read
                0x00000000000127bc                eeprom_write
 .text          0x0000000000012836       0x2d build/cooja/mtype296.a(random.o)
                0x0000000000012836                random_init
                0x0000000000012856                random_rand
 .text          0x0000000000012863      0x29c build/cooja/mtype296.a(sensors.o)
                0x000000000001289e                sensors_first
                0x00000000000128a8                sensors_next
                0x00000000000128c2                sensors_changed
                0x00000000000128f6                sensors_find
 .text          0x0000000000012aff      0x349 build/cooja/mtype296.a(leds.o)
                0x0000000000012aff                leds_init
                0x0000000000012b46                leds_single_on
                0x0000000000012ba5                leds_single_off
                0x0000000000012c04                leds_single_toggle
                0x0000000000012c36                leds_on
                0x0000000000012cb8                leds_off
                0x0000000000012d3a                leds_toggle
                0x0000000000012d8f                leds_set
                0x0000000000012dbb                leds_get
 .text          0x0000000000012e48      0x343 build/cooja/mtype296.a(gpio-hal-arch.o)
                0x0000000000012e48                gpio_hal_arch_register_pin_callback
                0x0000000000012eb4                gpio_hal_arch_init
                0x0000000000012ef9                gpio_hal_arch_no_port_interrupt_enable
                0x0000000000012f29                gpio_hal_arch_no_port_interrupt_disable
                0x0000000000012f59                gpio_hal_arch_no_port_pin_cfg_set
                0x0000000000012f7e                gpio_hal_arch_no_port_pin_cfg_get
                0x0000000000012fa4                gpio_hal_arch_no_port_pin_set_input
                0x0000000000012fb6                gpio_hal_arch_no_port_pin_set_output
                0x0000000000012fc8                gpio_hal_arch_no_port_set_pin
                0x0000000000012fe9                gpio_hal_arch_no_port_clear_pin
                0x000000000001300a                gpio_hal_arch_no_port_read_pin
                0x0000000000013030                gpio_hal_arch_no_port_write_pin
                0x000000000001305a                gpio_hal_arch_no_port_set_pins
                0x00000000000130a1                gpio_hal_arch_no_port_clear_pins
                0x00000000000130e8                gpio_hal_arch_no_port_read_pins
                0x000000000001312b                gpio_hal_arch_no_port_write_pins
 .text          0x000000000001318b       0x89 build/cooja/mtype296.a(buttons.o)
 .text          0x0000000000013214      0x32d build/cooja/mtype296.a(contiki-main.o)
                0x0000000000013214                main
 .text          0x0000000000013541       0x92 build/cooja/mtype296.a(autostart.o)
                0x0000000000013541                autostart_start
                0x000000000001358b                autostart_exit
 .text          0x00000000000135d3      0x355 build/cooja/mtype296.a(ctimer.o)
                0x00000000000136fb                ctimer_init
                0x000000000001372e                ctimer_set
                0x0000000000013754                ctimer_set_with_process
                0x00000000000137d1                ctimer_reset
                0x0000000000013825                ctimer_restart
                0x0000000000013879                ctimer_stop
                0x00000000000138c9                ctimer_expired
 .text          0x0000000000013928       0x1b build/cooja/mtype296.a(energest.o)
                0x0000000000013928                energest_init
                0x000000000001392e                energest_flush
                0x0000000000013934                energest_get_total_time
 .text          0x0000000000013943      0x43f build/cooja/mtype296.a(etimer.o)
                0x0000000000013b67                etimer_request_poll
                0x0000000000013bf0                etimer_set
                0x0000000000013c19                etimer_reset_with_new_interval
                0x0000000000013c48                etimer_reset
                0x0000000000013c6e                etimer_restart
                0x0000000000013c94                etimer_adjust
                0x0000000000013cb1                etimer_expired
                0x0000000000013cc4                etimer_expiration_time
                0x0000000000013cd6                etimer_start_time
                0x0000000000013ce0                etimer_pending
                0x0000000000013cf2                etimer_next_expiration_time
                0x0000000000013d0c                etimer_stop
 .text          0x0000000000013d82      0x3d7 build/cooja/mtype296.a(log.o)
                0x0000000000013d82                log_6addr
                0x0000000000013dd5                log_6addr_compact_snprint
                0x0000000000013e73                log_6addr_compact
                0x0000000000013ec6                log_lladdr
                0x0000000000013f38                log_lladdr_compact
                0x0000000000013fa0                log_bytes
                0x0000000000013fe3                log_set_level
                0x000000000001409e                log_get_level
                0x0000000000014117                log_level_to_str
 .text          0x0000000000014159       0xeb build/cooja/mtype296.a(rtimer.o)
                0x0000000000014159                rtimer_init
                0x0000000000014167                rtimer_set
                0x00000000000141e2                rtimer_run_next
 .text          0x0000000000014244       0x25 build/cooja/mtype296.a(node-id.o)
                0x0000000000014244                node_id_init
 .text          0x0000000000014269      0x4fb build/cooja/mtype296.a(process.o)
                0x0000000000014269                process_alloc_event
                0x000000000001427e                process_start
                0x0000000000014458                process_exit
                0x0000000000014475                process_init
                0x000000000001460a                process_run
                0x000000000001463d                process_nevents
                0x0000000000014658                process_post
                0x00000000000146eb                process_post_synch
                0x0000000000014720                process_poll
                0x0000000000014750                process_is_running
 .text          0x0000000000014764       0xb1 build/cooja/mtype296.a(timer.o)
                0x0000000000014764                timer_set
                0x0000000000014782                timer_reset
                0x00000000000147af                timer_restart
                0x00000000000147c4                timer_expired
                0x00000000000147f1                timer_remaining
 .text          0x0000000000014815      0x28f build/cooja/mtype296.a(list.o)
                0x0000000000014815                list_init
                0x0000000000014824                list_head
                0x000000000001482e                list_copy
                0x000000000001483e                list_tail
                0x0000000000014874                list_add
                0x00000000000148c0                list_push
                0x00000000000148ec                list_chop
                0x0000000000014956                list_pop
                0x000000000001497e                list_remove
                0x00000000000149e6                list_length
                0x0000000000014a14                list_insert
                0x0000000000014a59                list_item_next
                0x0000000000014a70                list_contains
 .text          0x0000000000014aa4      0x41c build/cooja/mtype296.a(button-hal.o)
                0x0000000000014c1d                button_hal_get_by_id
                0x0000000000014c5b                button_hal_get_by_index
                0x0000000000014c87                button_hal_get_state
                0x0000000000014cd9                button_hal_init
 .text          0x0000000000014ec0      0x1f3 build/cooja/mtype296.a(serial-line.o)
                0x0000000000014ec0                serial_line_input_byte
                0x000000000001507e                serial_line_init
 .text          0x00000000000150b3      0x168 build/cooja/mtype296.a(gpio-hal.o)
                0x00000000000150b3                gpio_hal_register_handler
                0x00000000000150d0                gpio_hal_event_handler
                0x000000000001512c                gpio_hal_init
                0x000000000001514b                gpio_hal_arch_port_toggle_pin
                0x0000000000015187                gpio_hal_arch_port_toggle_pins
                0x00000000000151b5                gpio_hal_arch_no_port_toggle_pin
                0x00000000000151f3                gpio_hal_arch_no_port_toggle_pins
 .text          0x000000000001521b      0x2e7 build/cooja/mtype296.a(queuebuf.o)
                0x0000000000015225                queuebuf_init
                0x000000000001524e                queuebuf_numfree
                0x0000000000015266                queuebuf_new_from_packetbuf
                0x0000000000015305                queuebuf_update_attr_from_packetbuf
                0x000000000001533a                queuebuf_update_from_packetbuf
                0x000000000001538a                queuebuf_free
                0x00000000000153d3                queuebuf_to_packetbuf
                0x000000000001543f                queuebuf_dataptr
                0x0000000000015479                queuebuf_datalen
                0x000000000001549c                queuebuf_addr
                0x00000000000154d1                queuebuf_attr
                0x00000000000154fc                queuebuf_debug_print
 .text          0x0000000000015502      0x407 build/cooja/mtype296.a(packetbuf.o)
                0x0000000000015502                packetbuf_clear
                0x000000000001552d                packetbuf_copyfrom
                0x000000000001557c                packetbuf_copyto
                0x000000000001560f                packetbuf_hdralloc
                0x000000000001568b                packetbuf_hdrreduce
                0x00000000000156d1                packetbuf_set_datalen
                0x00000000000156eb                packetbuf_dataptr
                0x0000000000015708                packetbuf_hdrptr
                0x0000000000015712                packetbuf_datalen
                0x000000000001571e                packetbuf_hdrlen
                0x0000000000015735                packetbuf_totlen
                0x000000000001574b                packetbuf_remaininglen
                0x000000000001575e                packetbuf_attr_clear
                0x00000000000157aa                packetbuf_attr_copyto
                0x0000000000015802                packetbuf_attr_copyfrom
                0x000000000001585a                packetbuf_set_attr
                0x0000000000015884                packetbuf_attr
                0x000000000001589e                packetbuf_set_addr
                0x00000000000158cf                packetbuf_addr
                0x00000000000158ec                packetbuf_holds_broadcast
 .text          0x0000000000015909       0xef build/cooja/mtype296.a(netstack.o)
                0x0000000000015909                netstack_process_ip_callback
                0x000000000001599a                netstack_ip_packet_processor_add
                0x00000000000159bd                uip_ds6_ip_packet_processor_rm
                0x00000000000159da                netstack_init
 .text          0x00000000000159f8       0x4f build/cooja/mtype296.a(linkaddr.o)
                0x00000000000159f8                linkaddr_copy
                0x0000000000015a0e                linkaddr_cmp
                0x0000000000015a31                linkaddr_set_node_addr
 .text          0x0000000000015a47      0x1f6 build/cooja/mtype296.a(csma.o)
 .text          0x0000000000015c3d      0x95d build/cooja/mtype296.a(csma-output.o)
                0x00000000000162d4                csma_output_packet
                0x0000000000016561                csma_output_init
 .text          0x000000000001659a      0xc11 build/cooja/mtype296.a(uip-ds6.o)
                0x000000000001659a                uip_ds6_default_prefix
                0x00000000000165a4                uip_ds6_set_default_prefix
                0x00000000000165cf                uip_ds6_init
                0x0000000000016831                uip_ds6_periodic
                0x00000000000168b8                uip_ds6_list_loop
                0x0000000000016978                uip_ds6_prefix_add
                0x0000000000016a24                uip_ds6_prefix_rm
                0x0000000000016a37                uip_ds6_prefix_lookup
                0x0000000000016a76                uip_ds6_is_addr_onlink
                0x0000000000016ae9                uip_ds6_addr_add
                0x0000000000016c09                uip_ds6_addr_rm
                0x0000000000016cb2                uip_ds6_addr_lookup
                0x0000000000016ceb                uip_ds6_get_link_local
                0x0000000000016d6c                uip_ds6_get_global
                0x0000000000016ded                uip_ds6_maddr_add
                0x0000000000016e4d                uip_ds6_maddr_rm
                0x0000000000016e60                uip_ds6_maddr_lookup
                0x0000000000016e99                uip_ds6_aaddr_add
                0x0000000000016ef9                uip_ds6_aaddr_rm
                0x0000000000016f0c                uip_ds6_aaddr_lookup
                0x0000000000016f45                uip_ds6_select_src
                0x000000000001708e                uip_ds6_set_addr_iid
                0x00000000000170b9                uip_ds6_set_lladdr_from_iid
                0x00000000000170e2                get_match_length
                0x0000000000017173                uip_ds6_compute_reachable_time
 .text          0x00000000000171ab      0x35b build/cooja/mtype296.a(uip-ds6-route.o)
                0x00000000000171fc                uip_ds6_route_init
                0x0000000000017226                uip_ds6_route_nexthop
                0x0000000000017230                uip_ds6_route_head
                0x000000000001723a                uip_ds6_route_next
                0x0000000000017244                uip_ds6_route_is_nexthop
                0x000000000001724e                uip_ds6_route_num_routes
                0x0000000000017258                uip_ds6_route_lookup
                0x0000000000017262                uip_ds6_route_add
                0x0000000000017275                uip_ds6_route_rm
                0x000000000001727b                uip_ds6_route_rm_by_nexthop
                0x0000000000017281                uip_ds6_defrt_head
                0x000000000001729a                uip_ds6_defrt_add
                0x0000000000017348                uip_ds6_defrt_rm
                0x00000000000173ae                uip_ds6_defrt_lookup
                0x0000000000017415                uip_ds6_defrt_choose
                0x000000000001748b                uip_ds6_defrt_periodic
 .text          0x0000000000017506      0x74e build/cooja/mtype296.a(tcpip.o)
                0x0000000000017520                tcpip_output
                0x000000000001759f                udp_attach
                0x00000000000175b7                udp_new
                0x0000000000017601                udp_broadcast_new
                0x0000000000017773                tcpip_input
                0x000000000001795a                tcpip_ipv6_output
                0x0000000000017b4e                tcpip_poll_udp
                0x0000000000017b6c                tcpip_uipcall
 .text          0x0000000000017c54     0x1205 build/cooja/mtype296.a(uip6.o)
                0x0000000000017d03                uip_chksum
                0x0000000000017dda                uip_icmp6chksum
                0x0000000000017def                uip_udpchksum
                0x0000000000017e04                uip_init
                0x0000000000017e4d                uip_remove_ext_hdr
                0x0000000000017f27                uip_udp_new
                0x000000000001823b                uip_process
                0x0000000000018d33                uip_htons
                0x0000000000018d55                uip_htonl
                0x0000000000018d93                uip_send
 .text          0x0000000000018e59      0x369 build/cooja/mtype296.a(uip-ds6-nbr.o)
                0x0000000000018e59                uip_ds6_neighbors_init
                0x0000000000018e7d                uip_ds6_nbr_add
                0x0000000000018f03                uip_ds6_nbr_rm
                0x0000000000018f4e                uip_ds6_nbr_update_ll
                0x000000000001903c                uip_ds6_nbr_get_ipaddr
                0x0000000000019051                uip_ds6_nbr_get_ll
                0x000000000001906d                uip_ds6_nbr_num
                0x00000000000190b6                uip_ds6_nbr_head
                0x00000000000190cf                uip_ds6_nbr_next
                0x00000000000190eb                uip_ds6_nbr_lookup
                0x0000000000019143                uip_ds6_nbr_ll_lookup
                0x000000000001915f                uip_ds6_nbr_ipaddr_from_lladdr
                0x0000000000019188                uip_ds6_nbr_lladdr_from_ipaddr
                0x00000000000191bc                uip_ds6_link_callback
 .text          0x00000000000191c2      0x6a7 build/cooja/mtype296.a(uip-nd6.o)
                0x0000000000019850                uip_nd6_init
 .text          0x0000000000019869      0x3b0 build/cooja/mtype296.a(simple-udp.o)
                0x0000000000019896                simple_udp_send
                0x00000000000198f9                simple_udp_sendto
                0x0000000000019954                simple_udp_sendto_port
                0x00000000000199ad                simple_udp_register
 .text          0x0000000000019c19     0x2c17 build/cooja/mtype296.a(sicslowpan.o)
                0x000000000001a220                netstack_sniffer_add
                0x000000000001a22e                netstack_sniffer_remove
                0x000000000001c804                sicslowpan_init
                0x000000000001c826                sicslowpan_get_last_rssi
 .text          0x000000000001c830      0x4d1 build/cooja/mtype296.a(uiplib.o)
                0x000000000001c830                uiplib_ip6addrconv
                0x000000000001c9e8                uiplib_ip4addrconv
                0x000000000001caab                uiplib_ipaddr_print
                0x000000000001cafe                uiplib_ipaddr_snprint
 .text          0x000000000001cd01      0x682 build/cooja/mtype296.a(rpl.o)
                0x000000000001cd01                rpl_lollipop_greater_than
                0x000000000001cd5b                rpl_get_global_address
                0x000000000001ce53                rpl_link_callback
                0x000000000001cf1a                rpl_has_joined
                0x000000000001cf3f                rpl_is_reachable
                0x000000000001cfc0                rpl_reset_prefix
                0x000000000001d091                rpl_set_prefix_from_addr
                0x000000000001d211                rpl_set_prefix
                0x000000000001d35f                rpl_set_leaf_only
                0x000000000001d377                rpl_get_leaf_only
 .text          0x000000000001d383      0x484 build/cooja/mtype296.a(rpl-dag-root.o)
                0x000000000001d383                rpl_dag_root_print_links
                0x000000000001d668                rpl_dag_root_set_prefix
                0x000000000001d694                rpl_dag_root_start
                0x000000000001d7d8                rpl_dag_root_is_root
 .text          0x000000000001d807       0x30 build/cooja/mtype296.a(watchdog.o)
                0x000000000001d807                watchdog_init
                0x000000000001d80d                watchdog_start
                0x000000000001d813                watchdog_periodic
                0x000000000001d82b                watchdog_stop
                0x000000000001d831                watchdog_reboot
 .text          0x000000000001d837       0x4a build/cooja/mtype296.a(int-master.o)
                0x000000000001d837                int_master_enable
                0x000000000001d847                int_master_read_and_disable
                0x000000000001d864                int_master_status_set
                0x000000000001d872                int_master_is_enabled
 .text          0x000000000001d881       0xc7 build/cooja/mtype296.a(stimer.o)
                0x000000000001d881                stimer_set
                0x000000000001d89f                stimer_reset
                0x000000000001d8cc                stimer_restart
                0x000000000001d8e1                stimer_expired
                0x000000000001d90c                stimer_remaining
                0x000000000001d930                stimer_elapsed
 .text          0x000000000001d948      0x1b5 build/cooja/mtype296.a(memb.o)
                0x000000000001d948                memb_init
                0x000000000001d99d                memb_alloc
                0x000000000001da00                memb_free
                0x000000000001da77                memb_inmemb
                0x000000000001dab6                memb_numfree
 .text          0x000000000001dafd       0x1f build/cooja/mtype296.a(assert.o)
                0x000000000001dafd                _xassert
 .text          0x000000000001db1c      0x156 build/cooja/mtype296.a(ringbuf.o)
                0x000000000001db1c                ringbuf_init
                0x000000000001db4e                ringbuf_put
                0x000000000001dbcc                ringbuf_get
                0x000000000001dc39                ringbuf_size
                0x000000000001dc4b                ringbuf_elements
 .text          0x000000000001dc72      0x79b build/cooja/mtype296.a(nbr-table.o)
                0x000000000001e0eb                nbr_table_register
                0x000000000001e158                nbr_table_is_registered
                0x000000000001e193                nbr_table_head
                0x000000000001e1ee                nbr_table_next
                0x000000000001e24f                nbr_table_add_lladdr
                0x000000000001e329                nbr_table_get_from_lladdr
                0x000000000001e375                nbr_table_remove
                0x000000000001e3ad                nbr_table_lock
                0x000000000001e3c7                nbr_table_unlock
                0x000000000001e3e1                nbr_table_get_lladdr
 .text          0x000000000001e40d      0x3a5 build/cooja/mtype296.a(link-stats.o)
                0x000000000001e40d                link_stats_from_lladdr
                0x000000000001e429                link_stats_get_lladdr
                0x000000000001e445                link_stats_is_fresh
                0x000000000001e481                guess_etx_from_rssi
                0x000000000001e4fd                link_stats_packet_sent
                0x000000000001e61d                link_stats_input_callback
                0x000000000001e72d                link_stats_reset
                0x000000000001e77d                link_stats_init
 .text          0x000000000001e7b2      0x187 build/cooja/mtype296.a(mac-sequence.o)
                0x000000000001e7b2                mac_sequence_is_duplicate
                0x000000000001e852                mac_sequence_register_seqno
 .text          0x000000000001e939       0x23 build/cooja/mtype296.a(mac.o)
                0x000000000001e939                mac_call_sent_callback
 .text          0x000000000001e95c      0x432 build/cooja/mtype296.a(framer-802154.o)
                0x000000000001eaeb                framer_802154_setup_params
 .text          0x000000000001ed8e      0xb6f build/cooja/mtype296.a(frame802154.o)
                0x000000000001edbf                frame802154_get_pan_id
                0x000000000001edcb                frame802154_set_pan_id
                0x000000000001ede5                frame802154_has_panid
                0x000000000001ef94                frame802154_check_dest_panid
                0x000000000001f01c                frame802154_is_broadcast_addr
                0x000000000001f069                frame802154_extract_linkaddr
                0x000000000001f2ce                frame802154_hdrlen
                0x000000000001f341                frame802154_create_fcf
                0x000000000001f3f9                frame802154_create
                0x000000000001f56e                frame802154_parse_fcf
                0x000000000001f650                frame802154_parse
 .text          0x000000000001f8fd       0x2d build/cooja/mtype296.a(csma-security.o)
                0x000000000001f8fd                csma_security_create_frame
                0x000000000001f91b                csma_security_parse_frame
 .text          0x000000000001f92a      0x4e4 build/cooja/mtype296.a(uipbuf.o)
                0x000000000001f92a                uipbuf_clear
                0x000000000001f951                uipbuf_add_ext_hdr
                0x000000000001f9d1                uipbuf_set_len
                0x000000000001f9fe                uipbuf_set_len_field
                0x000000000001fa2a                uipbuf_get_len_field
                0x000000000001fa4a                uipbuf_get_next_header
                0x000000000001fb7c                uipbuf_get_last_header
                0x000000000001fbf5                uipbuf_search_header
                0x000000000001fcab                uipbuf_get_attr
                0x000000000001fcd2                uipbuf_set_attr
                0x000000000001fd09                uipbuf_set_default_attr
                0x000000000001fd40                uipbuf_clear_attr
                0x000000000001fd64                uipbuf_set_attr_flag
                0x000000000001fd85                uipbuf_clr_attr_flag
                0x000000000001fdac                uipbuf_is_attr_flag
                0x000000000001fdd0                uipbuf_init
 .text          0x000000000001fe0e      0x73f build/cooja/mtype296.a(uip-icmp6.o)
                0x000000000001fe83                uip_icmp6_input
                0x000000000001feda                uip_icmp6_register_input_handler
                0x000000000002002d                uip_icmp6_error_output
                0x00000000000202de                uip_icmp6_send
                0x00000000000204d5                uip_icmp6_echo_reply_callback_add
                0x0000000000020507                uip_icmp6_echo_reply_callback_rm
                0x0000000000020524                uip_icmp6_init
 .text          0x000000000002054d      0x69b build/cooja/mtype296.a(uip-sr.o)
                0x000000000002054d                uip_sr_num_nodes
                0x00000000000205db                uip_sr_get_node
                0x0000000000020632                uip_sr_is_addr_reachable
                0x00000000000206e0                uip_sr_expire_parent
                0x0000000000020729                uip_sr_update_node
                0x0000000000020859                uip_sr_init
                0x000000000002088d                uip_sr_node_head
                0x00000000000208a6                uip_sr_node_next
                0x00000000000208bc                uip_sr_periodic
                0x00000000000209c2                uip_sr_free_all
                0x0000000000020a32                uip_sr_link_snprint
 .text          0x0000000000020be8      0x146 build/cooja/mtype296.a(uip-packetqueue)
                0x0000000000020c16                uip_packetqueue_new
                0x0000000000020c25                uip_packetqueue_alloc
                0x0000000000020c80                uip_packetqueue_free
                0x0000000000020cc7                uip_packetqueue_buf
                0x0000000000020ce4                uip_packetqueue_buflen
                0x0000000000020d05                uip_packetqueue_set_buflen
 .text          0x0000000000020d2e      0x128 build/cooja/mtype296.a(uip-udp-packet.)
                0x0000000000020d2e                uip_udp_packet_send
                0x0000000000020d89                uip_udp_packet_sendto
 .text          0x0000000000020e56     0x1d8d build/cooja/mtype296.a(rpl-icmp6.o)
                0x0000000000020f7b                rpl_icmp6_update_nbr_table
                0x0000000000021156                rpl_icmp6_dis_output
                0x0000000000021abb                rpl_icmp6_dio_output
                0x0000000000022532                rpl_icmp6_dao_output
                0x0000000000022aa5                rpl_icmp6_dao_ack_output
                0x0000000000022b9a                rpl_icmp6_init
 .text          0x0000000000022be3      0xbb3 build/cooja/mtype296.a(rpl-neighbor.o)
                0x0000000000022c5f                rpl_neighbor_snprint
                0x0000000000022f12                rpl_neighbor_print_list
                0x0000000000023105                rpl_neighbor_count
                0x00000000000231ac                rpl_neighbor_get_from_lladdr
                0x00000000000231c8                rpl_neighbor_is_acceptable_parent
                0x00000000000231fc                rpl_neighbor_get_link_metric
                0x0000000000023230                rpl_neighbor_rank_via_nbr
                0x0000000000023264                rpl_neighbor_get_lladdr
                0x0000000000023280                rpl_neighbor_get_ipaddr
                0x00000000000232a7                rpl_neighbor_get_link_stats
                0x00000000000232ce                rpl_neighbor_is_fresh
                0x00000000000232f5                rpl_neighbor_is_reachable
                0x0000000000023340                rpl_neighbor_is_parent
                0x000000000002336a                rpl_neighbor_set_preferred_parent
                0x00000000000234b4                rpl_neighbor_remove_all
                0x0000000000023544                rpl_neighbor_get_from_ipaddr
                0x0000000000023652                rpl_neighbor_select_best
                0x0000000000023777                rpl_neighbor_init
 .text          0x0000000000023796     0x170e build/cooja/mtype296.a(rpl-dag.o)
                0x0000000000023796                rpl_dag_state_to_str
                0x00000000000237d5                rpl_dag_get_root_ipaddr
                0x000000000002381d                rpl_dag_leave
                0x0000000000023919                rpl_dag_poison_and_leave
                0x0000000000023931                rpl_dag_periodic
                0x0000000000023a2f                rpl_is_addr_in_our_dag
                0x0000000000023a73                rpl_get_default_instance
                0x0000000000023a8f                rpl_get_any_dag
                0x0000000000023ae8                rpl_refresh_routes
                0x0000000000023b88                rpl_global_repair
                0x0000000000023cf1                rpl_local_repair
                0x0000000000023d72                rpl_dag_ready_to_advertise
                0x0000000000023db5                rpl_dag_update_state
                0x00000000000249d8                rpl_process_dio
                0x0000000000024a8c                rpl_process_dis
                0x0000000000024b05                rpl_process_dao
                0x0000000000024bc9                rpl_process_dao_ack
                0x0000000000024ca2                rpl_process_hbh
                0x0000000000024cf2                rpl_dag_init_root
                0x0000000000024e84                rpl_dag_init
 .text          0x0000000000024ea4      0xb29 build/cooja/mtype296.a(rpl-timers.o)
                0x0000000000024ea4                rpl_timers_schedule_periodic_dis
                0x0000000000024ff2                rpl_timers_dio_reset
                0x0000000000025137                rpl_timers_schedule_unicast_dio
                0x000000000002528b                rpl_timers_schedule_dao
                0x000000000002534a                rpl_timers_schedule_dao_ack
                0x00000000000253d0                rpl_timers_notify_dao_ack
                0x000000000002542e                get_probing_delay
                0x0000000000025462                get_probing_target
                0x000000000002572d                rpl_schedule_probing
                0x000000000002575b                rpl_schedule_probing_now
                0x00000000000257c5                rpl_timers_unschedule_leaving
                0x00000000000257fd                rpl_timers_schedule_leaving
                0x000000000002583e                rpl_timers_init
                0x00000000000258f8                rpl_timers_stop_dag_timers
                0x0000000000025971                rpl_timers_unschedule_state_update
                0x0000000000025995                rpl_timers_schedule_state_update
 .text          0x00000000000259cd     0x1179 build/cooja/mtype296.a(rpl-ext-header.)
                0x00000000000259cd                rpl_ext_header_srh_get_next_hop
                0x0000000000025ab4                rpl_ext_header_srh_update
                0x0000000000026397                rpl_ext_header_hbh_update
                0x000000000002690b                rpl_ext_header_update
                0x0000000000026994                rpl_ext_header_remove
 .text          0x0000000000026b46      0x1ef build/cooja/mtype296.a(rpl-nbr-policy.)
                0x0000000000026cf2                rpl_nbr_policy_find_removable
 .text          0x0000000000026d35      0x352 build/cooja/mtype296.a(rpl-mrhof.o)
 .text          0x0000000000027087        0x0 /usr/lib/gcc/i686-linux-gnu/5/crtendS.o
 .text          0x0000000000027087        0x0 /usr/lib/gcc/i686-linux-gnu/5/../../../i386-linux-gnu/crtn.o
 *(.gnu.warning)

.fini           0x0000000000027088       0x14
 *(SORT(.fini))
 .fini          0x0000000000027088        0xf /usr/lib/gcc/i686-linux-gnu/5/../../../i386-linux-gnu/crti.o
                0x0000000000027088                _fini
 .fini          0x0000000000027097        0x5 /usr/lib/gcc/i686-linux-gnu/5/../../../i386-linux-gnu/crtn.o
                [!provide]                        PROVIDE (__etext, .)
                [!provide]                        PROVIDE (_etext, .)
                [!provide]                        PROVIDE (etext, .)

.rodata         0x00000000000270a0     0x197f
 *(.rodata .rodata.* .gnu.linkonce.r.*)
 .rodata        0x00000000000270a0       0x6e receiver-node.o
                0x00000000000270b0                autostart_processes
 *fill*         0x000000000002710e        0x2 
 .rodata        0x0000000000027110        0x8 build/cooja/mtype296.a(beep.o)
                0x0000000000027110                beep_interface
 .rodata        0x0000000000027118        0xe build/cooja/mtype296.a(leds-arch.o)
                0x0000000000027118                leds_interface
                0x0000000000027120                leds_arch_leds
 *fill*         0x0000000000027126        0x2 
 .rodata        0x0000000000027128        0x8 build/cooja/mtype296.a(moteid.o)
                0x0000000000027128                moteid_interface
 .rodata        0x0000000000027130       0x1c build/cooja/mtype296.a(pir-sensor.o)
                0x0000000000027130                pir_interface
                0x000000000002713c                pir_sensor
 .rodata        0x000000000002714c        0xe build/cooja/mtype296.a(rs232.o)
                0x000000000002714c                rs232_interface
 *fill*         0x000000000002715a        0x2 
 .rodata        0x000000000002715c       0x24 build/cooja/mtype296.a(vib-sensor.o)
                0x000000000002715c                vib_interface
                0x0000000000027170                vib_sensor
 .rodata        0x0000000000027180        0x8 build/cooja/mtype296.a(clock.o)
                0x0000000000027180                clock_interface
 .rodata        0x0000000000027188        0x8 build/cooja/mtype296.a(cooja-log.o)
                0x0000000000027188                simlog_interface
 .rodata        0x0000000000027190       0x2f build/cooja/mtype296.a(cfs-cooja.o)
                0x0000000000027190                cfs_interface
 *fill*         0x00000000000271bf        0x1 
 .rodata        0x00000000000271c0       0xb8 build/cooja/mtype296.a(cooja-radio.o)
                0x00000000000271c0                radio_interface
                0x0000000000027240                cooja_radio_driver
 .rodata        0x0000000000027278        0x8 build/cooja/mtype296.a(eeprom.o)
                0x0000000000027278                eeprom_interface
 .rodata        0x0000000000027280        0x8 build/cooja/mtype296.a(sensors.o)
 .rodata        0x0000000000027288       0x2c build/cooja/mtype296.a(buttons.o)
                0x0000000000027288                button_interface
                0x000000000002729c                button_hal_button_count
                0x00000000000272a4                button_sensor
 .rodata        0x00000000000272b4       0xf4 build/cooja/mtype296.a(contiki-main.o)
 .rodata        0x00000000000273a8        0xf build/cooja/mtype296.a(ctimer.o)
 .rodata        0x00000000000273b7        0xc build/cooja/mtype296.a(etimer.o)
 *fill*         0x00000000000273c3        0x1 
 .rodata        0x00000000000273c4       0xc4 build/cooja/mtype296.a(log.o)
 .rodata        0x0000000000027488       0x13 build/cooja/mtype296.a(button-hal.o)
 .rodata        0x000000000002749b        0xe build/cooja/mtype296.a(serial-line.o)
 *fill*         0x00000000000274a9        0x3 
 .rodata        0x00000000000274ac        0x8 build/cooja/mtype296.a(linkaddr.o)
                0x00000000000274ac                linkaddr_null
 .rodata        0x00000000000274b4       0x24 build/cooja/mtype296.a(csma.o)
                0x00000000000274bc                csma_driver
 .rodata        0x00000000000274d8       0x27 build/cooja/mtype296.a(csma-output.o)
 *fill*         0x00000000000274ff        0x1 
 .rodata        0x0000000000027500       0x4d build/cooja/mtype296.a(uip-ds6-route.o)
 .rodata        0x000000000002754d       0x29 build/cooja/mtype296.a(tcpip.o)
 .rodata        0x0000000000027576       0x13 build/cooja/mtype296.a(simple-udp.o)
 *fill*         0x0000000000027589        0x3 
 .rodata        0x000000000002758c       0x30 build/cooja/mtype296.a(sicslowpan.o)
                0x000000000002758c                unc_llconf
                0x0000000000027590                unc_ctxconf
                0x0000000000027594                unc_mxconf
                0x0000000000027598                llprefix
                0x00000000000275ac                sicslowpan_driver
 .rodata        0x00000000000275bc       0x2d build/cooja/mtype296.a(uiplib.o)
 *fill*         0x00000000000275e9       0x17 
 .rodata        0x0000000000027600      0x134 build/cooja/mtype296.a(rpl.o)
                0x00000000000276e0                rpl_lite_driver
 .rodata        0x0000000000027734       0xc4 build/cooja/mtype296.a(rpl-dag-root.o)
 .rodata        0x00000000000277f8       0x25 build/cooja/mtype296.a(assert.o)
 *fill*         0x000000000002781d        0x3 
 .rodata        0x0000000000027820        0xc build/cooja/mtype296.a(framer-802154.o)
                0x0000000000027820                framer_802154
 .rodata        0x000000000002782c       0x44 build/cooja/mtype296.a(uip-sr.o)
 .rodata        0x0000000000027870      0x587 build/cooja/mtype296.a(rpl-icmp6.o)
 *fill*         0x0000000000027df7        0x1 
 .rodata        0x0000000000027df8      0x15a build/cooja/mtype296.a(rpl-neighbor.o)
 *fill*         0x0000000000027f52        0x2 
 .rodata        0x0000000000027f54      0x610 build/cooja/mtype296.a(rpl-dag.o)
 .rodata        0x0000000000028564       0x89 build/cooja/mtype296.a(rpl-timers.o)
 *fill*         0x00000000000285ed        0x3 
 .rodata        0x00000000000285f0      0x3c6 build/cooja/mtype296.a(rpl-ext-header.)
 *fill*         0x00000000000289b6        0x2 
 .rodata        0x00000000000289b8       0x42 build/cooja/mtype296.a(rpl-nbr-policy.)
 .rodata        0x00000000000289fa       0x25 build/cooja/mtype296.a(rpl-mrhof.o)

.rodata1
 *(.rodata1)

.eh_frame_hdr   0x0000000000028a20     0x1614
 *(.eh_frame_hdr)
 .eh_frame_hdr  0x0000000000028a20     0x1614 receiver-node.o
                0x0000000000028a20                __GNU_EH_FRAME_HDR
 *(.eh_frame_entry .eh_frame_entry.*)

.eh_frame       0x000000000002a034     0x5974
 *(.eh_frame)
 .eh_frame      0x000000000002a034       0x3c /usr/lib/gcc/i686-linux-gnu/5/../../../i386-linux-gnu/crti.o
                                         0x40 (size before relaxing)
 .eh_frame      0x000000000002a070       0x80 receiver-node.o
                                         0x98 (size before relaxing)
 .eh_frame      0x000000000002a0f0      0x178 build/cooja/mtype296.o
                                        0x190 (size before relaxing)
 .eh_frame      0x000000000002a268       0x40 build/cooja/mtype296.a(simEnvChange.o)
                                         0x58 (size before relaxing)
 .eh_frame      0x000000000002a2a8       0x60 build/cooja/mtype296.a(cooja_mt.o)
                                         0x78 (size before relaxing)
 .eh_frame      0x000000000002a308       0x80 build/cooja/mtype296.a(cooja_mtarch.o)
                                         0x98 (size before relaxing)
 .eh_frame      0x000000000002a388       0xc8 build/cooja/mtype296.a(rtimer-arch.o)
                                         0xe0 (size before relaxing)
 .eh_frame      0x000000000002a450      0x160 build/cooja/mtype296.a(beep.o)
                                        0x178 (size before relaxing)
 .eh_frame      0x000000000002a5b0       0x80 build/cooja/mtype296.a(leds-arch.o)
                                         0x98 (size before relaxing)
 .eh_frame      0x000000000002a630       0x40 build/cooja/mtype296.a(moteid.o)
                                         0x58 (size before relaxing)
 .eh_frame      0x000000000002a670       0xa0 build/cooja/mtype296.a(pir-sensor.o)
                                         0xb8 (size before relaxing)
 .eh_frame      0x000000000002a710      0x100 build/cooja/mtype296.a(rs232.o)
                                        0x118 (size before relaxing)
 .eh_frame      0x000000000002a810       0xa0 build/cooja/mtype296.a(vib-sensor.o)
                                         0xb8 (size before relaxing)
 .eh_frame      0x000000000002a8b0       0xc0 build/cooja/mtype296.a(clock.o)
                                         0xd8 (size before relaxing)
 .eh_frame      0x000000000002a970      0x120 build/cooja/mtype296.a(cooja-log.o)
                                        0x138 (size before relaxing)
 .eh_frame      0x000000000002aa90      0x160 build/cooja/mtype296.a(cfs-cooja.o)
                                        0x178 (size before relaxing)
 .eh_frame      0x000000000002abf0      0x340 build/cooja/mtype296.a(cooja-radio.o)
                                        0x358 (size before relaxing)
 .eh_frame      0x000000000002af30       0xa0 build/cooja/mtype296.a(eeprom.o)
                                         0xb8 (size before relaxing)
 .eh_frame      0x000000000002afd0       0x40 build/cooja/mtype296.a(random.o)
                                         0x58 (size before relaxing)
 .eh_frame      0x000000000002b010       0xc0 build/cooja/mtype296.a(sensors.o)
                                         0xd8 (size before relaxing)
 .eh_frame      0x000000000002b0d0      0x120 build/cooja/mtype296.a(leds.o)
                                        0x138 (size before relaxing)
 .eh_frame      0x000000000002b1f0      0x220 build/cooja/mtype296.a(gpio-hal-arch.o)
                                        0x238 (size before relaxing)
 .eh_frame      0x000000000002b410       0xa0 build/cooja/mtype296.a(buttons.o)
                                         0xb8 (size before relaxing)
 .eh_frame      0x000000000002b4b0       0x30 build/cooja/mtype296.a(contiki-main.o)
                                         0x48 (size before relaxing)
 .eh_frame      0x000000000002b4e0       0x40 build/cooja/mtype296.a(autostart.o)
                                         0x58 (size before relaxing)
 .eh_frame      0x000000000002b520      0x100 build/cooja/mtype296.a(ctimer.o)
                                        0x118 (size before relaxing)
 .eh_frame      0x000000000002b620       0x60 build/cooja/mtype296.a(energest.o)
                                         0x78 (size before relaxing)
 .eh_frame      0x000000000002b680      0x1e0 build/cooja/mtype296.a(etimer.o)
                                        0x1f8 (size before relaxing)
 .eh_frame      0x000000000002b860      0x120 build/cooja/mtype296.a(log.o)
                                        0x138 (size before relaxing)
 .eh_frame      0x000000000002b980       0x60 build/cooja/mtype296.a(rtimer.o)
                                         0x78 (size before relaxing)
 .eh_frame      0x000000000002b9e0       0x20 build/cooja/mtype296.a(node-id.o)
                                         0x38 (size before relaxing)
 .eh_frame      0x000000000002ba00      0x1c4 build/cooja/mtype296.a(process.o)
                                        0x1dc (size before relaxing)
 .eh_frame      0x000000000002bbc4       0xa4 build/cooja/mtype296.a(timer.o)
                                         0xbc (size before relaxing)
 .eh_frame      0x000000000002bc68      0x1a0 build/cooja/mtype296.a(list.o)
                                        0x1b8 (size before relaxing)
 .eh_frame      0x000000000002be08      0x144 build/cooja/mtype296.a(button-hal.o)
                                        0x15c (size before relaxing)
 .eh_frame      0x000000000002bf4c       0x60 build/cooja/mtype296.a(serial-line.o)
                                         0x78 (size before relaxing)
 .eh_frame      0x000000000002bfac       0xe0 build/cooja/mtype296.a(gpio-hal.o)
                                         0xf8 (size before relaxing)
 .eh_frame      0x000000000002c08c      0x1a0 build/cooja/mtype296.a(queuebuf.o)
                                        0x1b8 (size before relaxing)
 .eh_frame      0x000000000002c22c      0x28c build/cooja/mtype296.a(packetbuf.o)
                                        0x2a4 (size before relaxing)
 .eh_frame      0x000000000002c4b8       0x80 build/cooja/mtype296.a(netstack.o)
                                         0x98 (size before relaxing)
 .eh_frame      0x000000000002c538       0x60 build/cooja/mtype296.a(linkaddr.o)
                                         0x78 (size before relaxing)
 .eh_frame      0x000000000002c598       0xe0 build/cooja/mtype296.a(csma.o)
                                         0xf8 (size before relaxing)
 .eh_frame      0x000000000002c678      0x1d0 build/cooja/mtype296.a(csma-output.o)
                                        0x1e8 (size before relaxing)
 .eh_frame      0x000000000002c848      0x328 build/cooja/mtype296.a(uip-ds6.o)
                                        0x340 (size before relaxing)
 .eh_frame      0x000000000002cb70      0x220 build/cooja/mtype296.a(uip-ds6-route.o)
                                        0x238 (size before relaxing)
 .eh_frame      0x000000000002cd90      0x244 build/cooja/mtype296.a(tcpip.o)
                                        0x25c (size before relaxing)
 .eh_frame      0x000000000002cfd4      0x1e8 build/cooja/mtype296.a(uip6.o)
                                        0x200 (size before relaxing)
 .eh_frame      0x000000000002d1bc      0x1c0 build/cooja/mtype296.a(uip-ds6-nbr.o)
                                        0x1d8 (size before relaxing)
 .eh_frame      0x000000000002d37c       0x84 build/cooja/mtype296.a(uip-nd6.o)
                                         0x9c (size before relaxing)
 .eh_frame      0x000000000002d400       0xd4 build/cooja/mtype296.a(simple-udp.o)
                                         0xec (size before relaxing)
 .eh_frame      0x000000000002d4d4      0x2f8 build/cooja/mtype296.a(sicslowpan.o)
                                        0x310 (size before relaxing)
 .eh_frame      0x000000000002d7cc       0x88 build/cooja/mtype296.a(uiplib.o)
                                         0xa0 (size before relaxing)
 .eh_frame      0x000000000002d854      0x1e0 build/cooja/mtype296.a(rpl.o)
                                        0x1f8 (size before relaxing)
 .eh_frame      0x000000000002da34       0xa0 build/cooja/mtype296.a(rpl-dag-root.o)
                                         0xb8 (size before relaxing)
 .eh_frame      0x000000000002dad4       0xa0 build/cooja/mtype296.a(watchdog.o)
                                         0xb8 (size before relaxing)
 .eh_frame      0x000000000002db74       0x80 build/cooja/mtype296.a(int-master.o)
                                         0x98 (size before relaxing)
 .eh_frame      0x000000000002dbf4       0xc4 build/cooja/mtype296.a(stimer.o)
                                         0xdc (size before relaxing)
 .eh_frame      0x000000000002dcb8       0xa0 build/cooja/mtype296.a(memb.o)
                                         0xb8 (size before relaxing)
 .eh_frame      0x000000000002dd58       0x20 build/cooja/mtype296.a(assert.o)
                                         0x38 (size before relaxing)
 .eh_frame      0x000000000002dd78       0xa0 build/cooja/mtype296.a(ringbuf.o)
                                         0xb8 (size before relaxing)
 .eh_frame      0x000000000002de18      0x2ac build/cooja/mtype296.a(nbr-table.o)
                                        0x2c4 (size before relaxing)
 .eh_frame      0x000000000002e0c4      0x120 build/cooja/mtype296.a(link-stats.o)
                                        0x138 (size before relaxing)
 .eh_frame      0x000000000002e1e4       0x48 build/cooja/mtype296.a(mac-sequence.o)
                                         0x60 (size before relaxing)
 .eh_frame      0x000000000002e22c       0x20 build/cooja/mtype296.a(mac.o)
                                         0x38 (size before relaxing)
 .eh_frame      0x000000000002e24c       0xa4 build/cooja/mtype296.a(framer-802154.o)
                                         0xbc (size before relaxing)
 .eh_frame      0x000000000002e2f0      0x1a4 build/cooja/mtype296.a(frame802154.o)
                                        0x1bc (size before relaxing)
 .eh_frame      0x000000000002e494       0x40 build/cooja/mtype296.a(csma-security.o)
                                         0x58 (size before relaxing)
 .eh_frame      0x000000000002e4d4      0x200 build/cooja/mtype296.a(uipbuf.o)
                                        0x218 (size before relaxing)
 .eh_frame      0x000000000002e6d4      0x150 build/cooja/mtype296.a(uip-icmp6.o)
                                        0x168 (size before relaxing)
 .eh_frame      0x000000000002e824      0x184 build/cooja/mtype296.a(uip-sr.o)
                                        0x19c (size before relaxing)
 .eh_frame      0x000000000002e9a8       0xe0 build/cooja/mtype296.a(uip-packetqueue)
                                         0xf8 (size before relaxing)
 .eh_frame      0x000000000002ea88       0x40 build/cooja/mtype296.a(uip-udp-packet.)
                                         0x58 (size before relaxing)
 .eh_frame      0x000000000002eac8      0x1d8 build/cooja/mtype296.a(rpl-icmp6.o)
                                        0x1f0 (size before relaxing)
 .eh_frame      0x000000000002eca0      0x2e4 build/cooja/mtype296.a(rpl-neighbor.o)
                                        0x2fc (size before relaxing)
 .eh_frame      0x000000000002ef84      0x370 build/cooja/mtype296.a(rpl-dag.o)
                                        0x388 (size before relaxing)
 .eh_frame      0x000000000002f2f4      0x3a8 build/cooja/mtype296.a(rpl-timers.o)
                                        0x3c0 (size before relaxing)
 .eh_frame      0x000000000002f69c      0x140 build/cooja/mtype296.a(rpl-ext-header.)
                                        0x158 (size before relaxing)
 .eh_frame      0x000000000002f7dc       0x80 build/cooja/mtype296.a(rpl-nbr-policy.)
                                         0x98 (size before relaxing)
 .eh_frame      0x000000000002f85c      0x148 build/cooja/mtype296.a(rpl-mrhof.o)
                                        0x160 (size before relaxing)
 .eh_frame      0x000000000002f9a4        0x4 /usr/lib/gcc/i686-linux-gnu/5/crtendS.o
 *(.eh_frame.*)

.gcc_except_table
 *(.gcc_except_table .gcc_except_table.*)

.gnu_extab
 *(.gnu_extab*)

.exception_ranges
 *(.exception_ranges .exception_ranges*)
                0x0000000000030f10                . = DATA_SEGMENT_ALIGN (0x1000, 0x1000)

.eh_frame
 *(.eh_frame)
 *(.eh_frame.*)

.gnu_extab
 *(.gnu_extab)

.gcc_except_table
 *(.gcc_except_table .gcc_except_table.*)

.exception_ranges
 *(.exception_ranges .exception_ranges*)

.tdata
 *(.tdata .tdata.* .gnu.linkonce.td.*)

.tbss
 *(.tbss .tbss.* .gnu.linkonce.tb.*)
 *(.tcommon)

.preinit_array
 *(.preinit_array)

.init_array     0x0000000000030f10        0x4
 *(SORT(.init_array.*) SORT(.ctors.*))
 *(.init_array EXCLUDE_FILE(*crtend?.o *crtend.o *crtbegin?.o *crtbegin.o) .ctors)
 .init_array    0x0000000000030f10        0x4 /usr/lib/gcc/i686-linux-gnu/5/crtbeginS.o

.fini_array     0x0000000000030f14        0x4
 *(SORT(.fini_array.*) SORT(.dtors.*))
 *(.fini_array EXCLUDE_FILE(*crtend?.o *crtend.o *crtbegin?.o *crtbegin.o) .dtors)
 .fini_array    0x0000000000030f14        0x4 /usr/lib/gcc/i686-linux-gnu/5/crtbeginS.o

.ctors
 *crtbegin.o(.ctors)
 *crtbegin?.o(.ctors)
 *(EXCLUDE_FILE(*crtend?.o *crtend.o) .ctors)
 *(SORT(.ctors.*))
 *(.ctors)

.dtors
 *crtbegin.o(.dtors)
 *crtbegin?.o(.dtors)
 *(EXCLUDE_FILE(*crtend?.o *crtend.o) .dtors)
 *(SORT(.dtors.*))
 *(.dtors)

.jcr            0x0000000000030f18        0x4
 *(.jcr)
 .jcr           0x0000000000030f18        0x0 /usr/lib/gcc/i686-linux-gnu/5/crtbeginS.o
 .jcr           0x0000000000030f18        0x4 /usr/lib/gcc/i686-linux-gnu/5/crtendS.o

.data.rel.ro
 *(.data.rel.ro.local* .gnu.linkonce.d.rel.ro.local.*)
 *(.data.rel.ro .data.rel.ro.* .gnu.linkonce.d.rel.ro.*)

.dynamic        0x0000000000030f1c       0xd0
 *(.dynamic)
 .dynamic       0x0000000000030f1c       0xd0 /usr/lib/gcc/i686-linux-gnu/5/../../../i386-linux-gnu/crti.o
                0x0000000000030f1c                _DYNAMIC

.got            0x0000000000030fec       0x14
 *(.got)
 .got           0x0000000000030fec       0x14 /usr/lib/gcc/i686-linux-gnu/5/../../../i386-linux-gnu/crti.o
 *(.igot)
                0x0000000000031ff4                . = DATA_SEGMENT_RELRO_END (., (SIZEOF (.got.plt) >= 0xc)?0xc:0x0)

.got.plt        0x0000000000031000        0xc
 *(.got.plt)
 .got.plt       0x0000000000031000        0xc /usr/lib/gcc/i686-linux-gnu/5/../../../i386-linux-gnu/crti.o
                0x0000000000031000                _GLOBAL_OFFSET_TABLE_
 *(.igot.plt)

.data           0x0000000000031020      0x384
 *(.data .data.* .gnu.linkonce.d.*)
 .data          0x0000000000031020        0x0 /usr/lib/gcc/i686-linux-gnu/5/../../../i386-linux-gnu/crti.o
 .data          0x0000000000031020        0x0 /usr/lib/gcc/i686-linux-gnu/5/crtbeginS.o
 .data.rel.local
                0x0000000000031020        0x4 /usr/lib/gcc/i686-linux-gnu/5/crtbeginS.o
                0x0000000000031020                __dso_handle
 .data          0x0000000000031024       0x10 receiver-node.o
                0x0000000000031024                receiver_node_process
 *fill*         0x0000000000031034        0xc 
 .data          0x0000000000031040       0x44 build/cooja/mtype296.o
                0x0000000000031040                simInterfaces
                0x0000000000031074                sensors
 .data          0x0000000000031084        0x0 build/cooja/mtype296.a(simEnvChange.o)
 .data          0x0000000000031084        0x0 build/cooja/mtype296.a(cooja_mt.o)
 .data          0x0000000000031084        0x0 build/cooja/mtype296.a(cooja_mtarch.o)
 .data          0x0000000000031084        0x0 build/cooja/mtype296.a(rtimer-arch.o)
 .data          0x0000000000031084        0x0 build/cooja/mtype296.a(beep.o)
 .data          0x0000000000031084        0x0 build/cooja/mtype296.a(leds-arch.o)
 .data          0x0000000000031084        0x0 build/cooja/mtype296.a(moteid.o)
 .data          0x0000000000031084        0x0 build/cooja/mtype296.a(pir-sensor.o)
 .data          0x0000000000031084        0x0 build/cooja/mtype296.a(rs232.o)
 .data          0x0000000000031084        0x0 build/cooja/mtype296.a(vib-sensor.o)
 .data          0x0000000000031084        0x0 build/cooja/mtype296.a(clock.o)
 .data          0x0000000000031084        0x0 build/cooja/mtype296.a(cooja-log.o)
 .data          0x0000000000031084        0x0 build/cooja/mtype296.a(cfs-cooja.o)
 .data          0x0000000000031084       0x2c build/cooja/mtype296.a(cooja-radio.o)
                0x0000000000031084                simRadioHWOn
                0x0000000000031088                simSignalStrength
                0x000000000003108c                simLastSignalStrength
                0x0000000000031090                simPower
                0x0000000000031094                simRadioChannel
                0x0000000000031098                simLQI
                0x00000000000310a0                cooja_radio_process
 .data          0x00000000000310b0        0x0 build/cooja/mtype296.a(eeprom.o)
 .data          0x00000000000310b0        0x0 build/cooja/mtype296.a(random.o)
 .data          0x00000000000310b0       0x10 build/cooja/mtype296.a(sensors.o)
                0x00000000000310b0                sensors_process
 .data          0x00000000000310c0        0x0 build/cooja/mtype296.a(leds.o)
 .data          0x00000000000310c0        0x0 build/cooja/mtype296.a(gpio-hal-arch.o)
 .data          0x00000000000310c0       0x78 build/cooja/mtype296.a(buttons.o)
                0x00000000000310c0                simButtonIsActive
                0x0000000000031130                button_hal_buttons
 .data          0x0000000000031138        0x0 build/cooja/mtype296.a(contiki-main.o)
 .data          0x0000000000031138        0x0 build/cooja/mtype296.a(autostart.o)
 .data          0x0000000000031138       0x14 build/cooja/mtype296.a(ctimer.o)
                0x000000000003113c                ctimer_process
 .data          0x000000000003114c        0x0 build/cooja/mtype296.a(energest.o)
 .data          0x000000000003114c       0x10 build/cooja/mtype296.a(etimer.o)
                0x000000000003114c                etimer_process
 *fill*         0x000000000003115c        0x4 
 .data          0x0000000000031160       0xbc build/cooja/mtype296.a(log.o)
                0x0000000000031160                curr_log_level_rpl
                0x0000000000031164                curr_log_level_main
                0x0000000000031180                all_modules
 .data          0x000000000003121c        0x0 build/cooja/mtype296.a(rtimer.o)
 .data          0x000000000003121c        0x0 build/cooja/mtype296.a(node-id.o)
 .data          0x000000000003121c        0x0 build/cooja/mtype296.a(process.o)
 .data          0x000000000003121c        0x0 build/cooja/mtype296.a(timer.o)
 .data          0x000000000003121c        0x0 build/cooja/mtype296.a(list.o)
 .data          0x000000000003121c       0x10 build/cooja/mtype296.a(button-hal.o)
                0x000000000003121c                button_hal_process
 .data          0x000000000003122c       0x10 build/cooja/mtype296.a(serial-line.o)
                0x000000000003122c                serial_line_process
 .data          0x000000000003123c        0x4 build/cooja/mtype296.a(gpio-hal.o)
 .data          0x0000000000031240       0x18 build/cooja/mtype296.a(queuebuf.o)
 .data          0x0000000000031258        0x4 build/cooja/mtype296.a(packetbuf.o)
 .data          0x000000000003125c        0x4 build/cooja/mtype296.a(netstack.o)
 .data          0x0000000000031260        0x0 build/cooja/mtype296.a(linkaddr.o)
 .data          0x0000000000031260        0x0 build/cooja/mtype296.a(csma.o)
 .data          0x0000000000031260       0x28 build/cooja/mtype296.a(csma-output.o)
 .data          0x0000000000031288        0x0 build/cooja/mtype296.a(uip-ds6.o)
 .data          0x0000000000031288       0x10 build/cooja/mtype296.a(uip-ds6-route.o)
 .data          0x0000000000031298       0x10 build/cooja/mtype296.a(tcpip.o)
                0x0000000000031298                tcpip_process
 .data          0x00000000000312a8        0x0 build/cooja/mtype296.a(uip6.o)
 .data          0x00000000000312a8       0x14 build/cooja/mtype296.a(uip-ds6-nbr.o)
 .data          0x00000000000312bc        0xc build/cooja/mtype296.a(uip-nd6.o)
 .data          0x00000000000312c8       0x10 build/cooja/mtype296.a(simple-udp.o)
                0x00000000000312c8                simple_udp_process
 .data          0x00000000000312d8        0x0 build/cooja/mtype296.a(sicslowpan.o)
 .data          0x00000000000312d8        0x0 build/cooja/mtype296.a(uiplib.o)
 .data          0x00000000000312d8        0x0 build/cooja/mtype296.a(rpl.o)
 .data          0x00000000000312d8        0x0 build/cooja/mtype296.a(rpl-dag-root.o)
 .data          0x00000000000312d8        0x0 build/cooja/mtype296.a(watchdog.o)
 .data          0x00000000000312d8        0x0 build/cooja/mtype296.a(int-master.o)
 .data          0x00000000000312d8        0x0 build/cooja/mtype296.a(stimer.o)
 .data          0x00000000000312d8        0x0 build/cooja/mtype296.a(memb.o)
 .data          0x00000000000312d8        0x0 build/cooja/mtype296.a(assert.o)
 .data          0x00000000000312d8        0x0 build/cooja/mtype296.a(ringbuf.o)
 .data          0x00000000000312d8       0x10 build/cooja/mtype296.a(nbr-table.o)
 .data          0x00000000000312e8       0x14 build/cooja/mtype296.a(link-stats.o)
 .data          0x00000000000312fc        0x0 build/cooja/mtype296.a(mac-sequence.o)
 .data          0x00000000000312fc        0x0 build/cooja/mtype296.a(mac.o)
 .data          0x00000000000312fc        0x0 build/cooja/mtype296.a(framer-802154.o)
 .data          0x00000000000312fc        0x2 build/cooja/mtype296.a(frame802154.o)
 .data          0x00000000000312fe        0x0 build/cooja/mtype296.a(csma-security.o)
 .data          0x00000000000312fe        0x0 build/cooja/mtype296.a(uipbuf.o)
 *fill*         0x00000000000312fe        0x2 
 .data          0x0000000000031300       0x20 build/cooja/mtype296.a(uip-icmp6.o)
 .data          0x0000000000031320       0x10 build/cooja/mtype296.a(uip-sr.o)
 .data          0x0000000000031330        0xc build/cooja/mtype296.a(uip-packetqueue)
 .data          0x000000000003133c        0x0 build/cooja/mtype296.a(uip-udp-packet.)
 .data          0x000000000003133c       0x30 build/cooja/mtype296.a(rpl-icmp6.o)
 .data          0x000000000003136c       0x14 build/cooja/mtype296.a(rpl-neighbor.o)
                0x000000000003137c                rpl_neighbors
 .data          0x0000000000031380        0x0 build/cooja/mtype296.a(rpl-dag.o)
 .data          0x0000000000031380        0x0 build/cooja/mtype296.a(rpl-timers.o)
 .data          0x0000000000031380        0x0 build/cooja/mtype296.a(rpl-ext-header.)
 .data          0x0000000000031380        0x0 build/cooja/mtype296.a(rpl-nbr-policy.)
 .data          0x0000000000031380       0x24 build/cooja/mtype296.a(rpl-mrhof.o)
                0x0000000000031380                rpl_mrhof
 .data          0x00000000000313a4        0x0 /usr/lib/gcc/i686-linux-gnu/5/crtendS.o
 .data          0x00000000000313a4        0x0 /usr/lib/gcc/i686-linux-gnu/5/../../../i386-linux-gnu/crtn.o

.tm_clone_table
                0x00000000000313a4        0x0
 .tm_clone_table
                0x00000000000313a4        0x0 /usr/lib/gcc/i686-linux-gnu/5/crtbeginS.o
 .tm_clone_table
                0x00000000000313a4        0x0 /usr/lib/gcc/i686-linux-gnu/5/crtendS.o

.data1
 *(.data1)
                0x00000000000313a4                _edata = .
                [!provide]                        PROVIDE (edata, .)
                0x00000000000313a4                . = .
                0x00000000000313a4                __bss_start = .

.bss            0x00000000000313c0    0x13d04
 *(.dynbss)
 .dynbss        0x00000000000313c0        0x0 /usr/lib/gcc/i686-linux-gnu/5/../../../i386-linux-gnu/crti.o
 *(.bss .bss.* .gnu.linkonce.b.*)
 .bss           0x00000000000313c0        0x0 /usr/lib/gcc/i686-linux-gnu/5/../../../i386-linux-gnu/crti.o
 .bss           0x00000000000313c0        0x1 /usr/lib/gcc/i686-linux-gnu/5/crtbeginS.o
 *fill*         0x00000000000313c1       0x1f 
 .bss           0x00000000000313e0       0x44 receiver-node.o
 *fill*         0x0000000000031424       0x1c 
 .bss           0x0000000000031440     0x2030 build/cooja/mtype296.o
 .bss           0x0000000000033470        0x1 build/cooja/mtype296.a(simEnvChange.o)
                0x0000000000033470                simDontFallAsleep
 *fill*         0x0000000000033471        0x3 
 .bss           0x0000000000033474        0x4 build/cooja/mtype296.a(cooja_mt.o)
 .bss           0x0000000000033478        0x4 build/cooja/mtype296.a(cooja_mtarch.o)
 .bss           0x000000000003347c        0x0 build/cooja/mtype296.a(rtimer-arch.o)
 .bss           0x000000000003347c        0x0 build/cooja/mtype296.a(beep.o)
 .bss           0x000000000003347c        0x1 build/cooja/mtype296.a(leds-arch.o)
                0x000000000003347c                simLedsValue
 .bss           0x000000000003347d        0x0 build/cooja/mtype296.a(moteid.o)
 .bss           0x000000000003347d        0x1 build/cooja/mtype296.a(pir-sensor.o)
                0x000000000003347d                simPirValue
 *fill*         0x000000000003347e        0x2 
 .bss           0x0000000000033480        0x4 build/cooja/mtype296.a(rs232.o)
 .bss           0x0000000000033484        0x1 build/cooja/mtype296.a(vib-sensor.o)
                0x0000000000033484                simVibValue
 .bss           0x0000000000033485        0x0 build/cooja/mtype296.a(clock.o)
 *fill*         0x0000000000033485       0x1b 
 .bss           0x00000000000334a0     0x2020 build/cooja/mtype296.a(cooja-log.o)
 .bss           0x00000000000354c0      0xfc0 build/cooja/mtype296.a(cfs-cooja.o)
                0x00000000000354c0                simCFSData
                0x0000000000036460                simCFSSize
                0x0000000000036464                simCFSChanged
                0x0000000000036468                simCFSRead
                0x000000000003646c                simCFSWritten
 .bss           0x0000000000036480       0x24 build/cooja/mtype296.a(cooja-radio.o)
                0x0000000000036480                simReceiving
                0x0000000000036484                simInSize
                0x0000000000036488                simLastPacketTimestamp
                0x0000000000036490                simOutSize
 .bss           0x00000000000364a4        0xc build/cooja/mtype296.a(eeprom.o)
                0x00000000000364a4                simEEPROMChanged
                0x00000000000364a8                simEEPROMRead
                0x00000000000364ac                simEEPROMWritten
 .bss           0x00000000000364b0        0x0 build/cooja/mtype296.a(random.o)
 .bss           0x00000000000364b0        0xc build/cooja/mtype296.a(sensors.o)
 .bss           0x00000000000364bc        0x0 build/cooja/mtype296.a(leds.o)
 .bss           0x00000000000364bc       0x24 build/cooja/mtype296.a(gpio-hal-arch.o)
 .bss           0x00000000000364e0        0x0 build/cooja/mtype296.a(buttons.o)
 .bss           0x00000000000364e0        0x0 build/cooja/mtype296.a(contiki-main.o)
 .bss           0x00000000000364e0        0x0 build/cooja/mtype296.a(autostart.o)
 .bss           0x00000000000364e0        0x5 build/cooja/mtype296.a(ctimer.o)
 .bss           0x00000000000364e5        0x0 build/cooja/mtype296.a(energest.o)
 *fill*         0x00000000000364e5        0x3 
 .bss           0x00000000000364e8        0x8 build/cooja/mtype296.a(etimer.o)
 .bss           0x00000000000364f0       0x28 build/cooja/mtype296.a(log.o)
                0x00000000000364f0                curr_log_level_tcpip
                0x00000000000364f4                curr_log_level_ipv6
                0x00000000000364f8                curr_log_level_6lowpan
                0x00000000000364fc                curr_log_level_nullnet
                0x0000000000036500                curr_log_level_mac
                0x0000000000036504                curr_log_level_framer
                0x0000000000036508                curr_log_level_6top
                0x000000000003650c                curr_log_level_coap
                0x0000000000036510                curr_log_level_snmp
                0x0000000000036514                curr_log_level_lwm2m
 .bss           0x0000000000036518        0x4 build/cooja/mtype296.a(rtimer.o)
 .bss           0x000000000003651c        0x2 build/cooja/mtype296.a(node-id.o)
                0x000000000003651c                node_id
 *fill*         0x000000000003651e        0x2 
 .bss           0x0000000000036520      0x1a1 build/cooja/mtype296.a(process.o)
                0x0000000000036520                process_list
                0x0000000000036524                process_current
 .bss           0x00000000000366c1        0x0 build/cooja/mtype296.a(timer.o)
 .bss           0x00000000000366c1        0x0 build/cooja/mtype296.a(list.o)
 *fill*         0x00000000000366c1        0x3 
 .bss           0x00000000000366c4       0x10 build/cooja/mtype296.a(button-hal.o)
 *fill*         0x00000000000366d4        0xc 
 .bss           0x00000000000366e0      0x140 build/cooja/mtype296.a(serial-line.o)
 .bss           0x0000000000036820        0x4 build/cooja/mtype296.a(gpio-hal.o)
 *fill*         0x0000000000036824       0x1c 
 .bss           0x0000000000036840     0x2c80 build/cooja/mtype296.a(queuebuf.o)
 .bss           0x00000000000394c0       0xa0 build/cooja/mtype296.a(packetbuf.o)
 .bss           0x0000000000039560        0x4 build/cooja/mtype296.a(netstack.o)
 .bss           0x0000000000039564        0x0 build/cooja/mtype296.a(linkaddr.o)
 .bss           0x0000000000039564        0x0 build/cooja/mtype296.a(csma.o)
 *fill*         0x0000000000039564       0x1c 
 .bss           0x0000000000039580      0x726 build/cooja/mtype296.a(csma-output.o)
 *fill*         0x0000000000039ca6        0x2 
 .bss           0x0000000000039ca8       0x30 build/cooja/mtype296.a(uip-ds6.o)
 *fill*         0x0000000000039cd8        0x8 
 .bss           0x0000000000039ce0       0x60 build/cooja/mtype296.a(uip-ds6-route.o)
 .bss           0x0000000000039d40       0x12 build/cooja/mtype296.a(tcpip.o)
 .bss           0x0000000000039d52        0x8 build/cooja/mtype296.a(uip6.o)
                0x0000000000039d52                uip_ext_bitmap
                0x0000000000039d54                uip_ext_len
                0x0000000000039d56                uip_last_proto
 *fill*         0x0000000000039d5a        0x6 
 .bss           0x0000000000039d60     0x1c20 build/cooja/mtype296.a(uip-ds6-nbr.o)
 .bss           0x000000000003b980       0x10 build/cooja/mtype296.a(uip-nd6.o)
 *fill*         0x000000000003b990       0x10 
 .bss           0x000000000003b9a0      0x520 build/cooja/mtype296.a(simple-udp.o)
 .bss           0x000000000003bec0      0x724 build/cooja/mtype296.a(sicslowpan.o)
 .bss           0x000000000003c5e4        0x0 build/cooja/mtype296.a(uiplib.o)
 .bss           0x000000000003c5e4        0x1 build/cooja/mtype296.a(rpl.o)
 *fill*         0x000000000003c5e5        0x3 
 .bss           0x000000000003c5e8       0x11 build/cooja/mtype296.a(rpl-dag-root.o)
 .bss           0x000000000003c5f9        0x0 build/cooja/mtype296.a(watchdog.o)
 *fill*         0x000000000003c5f9        0x3 
 .bss           0x000000000003c5fc        0x4 build/cooja/mtype296.a(int-master.o)
 .bss           0x000000000003c600        0x0 build/cooja/mtype296.a(stimer.o)
 .bss           0x000000000003c600        0x0 build/cooja/mtype296.a(memb.o)
 .bss           0x000000000003c600        0x0 build/cooja/mtype296.a(assert.o)
 .bss           0x000000000003c600        0x0 build/cooja/mtype296.a(ringbuf.o)
 .bss           0x000000000003c600     0x1214 build/cooja/mtype296.a(nbr-table.o)
 *fill*         0x000000000003d814        0xc 
 .bss           0x000000000003d820      0xe10 build/cooja/mtype296.a(link-stats.o)
 *fill*         0x000000000003e630       0x10 
 .bss           0x000000000003e640      0x100 build/cooja/mtype296.a(mac-sequence.o)
 .bss           0x000000000003e740        0x0 build/cooja/mtype296.a(mac.o)
 .bss           0x000000000003e740        0x2 build/cooja/mtype296.a(framer-802154.o)
 .bss           0x000000000003e742        0x0 build/cooja/mtype296.a(frame802154.o)
 .bss           0x000000000003e742        0x0 build/cooja/mtype296.a(csma-security.o)
 *fill*         0x000000000003e742        0x2 
 .bss           0x000000000003e744       0x18 build/cooja/mtype296.a(uipbuf.o)
 .bss           0x000000000003e75c       0x18 build/cooja/mtype296.a(uip-icmp6.o)
 *fill*         0x000000000003e774        0xc 
 .bss           0x000000000003e780     0x1d80 build/cooja/mtype296.a(uip-sr.o)
 .bss           0x0000000000040500      0xa78 build/cooja/mtype296.a(uip-packetqueue)
 .bss           0x0000000000040f78        0x0 build/cooja/mtype296.a(uip-udp-packet.)
 .bss           0x0000000000040f78        0x0 build/cooja/mtype296.a(rpl-icmp6.o)
 *fill*         0x0000000000040f78        0x8 
 .bss           0x0000000000040f80      0x960 build/cooja/mtype296.a(rpl-neighbor.o)
 .bss           0x00000000000418e0        0x0 build/cooja/mtype296.a(rpl-dag.o)
 .bss           0x00000000000418e0       0x40 build/cooja/mtype296.a(rpl-timers.o)
 .bss           0x0000000000041920        0x0 build/cooja/mtype296.a(rpl-ext-header.)
 .bss           0x0000000000041920        0xe build/cooja/mtype296.a(rpl-nbr-policy.)
 .bss           0x000000000004192e        0x0 build/cooja/mtype296.a(rpl-mrhof.o)
 .bss           0x000000000004192e        0x0 /usr/lib/gcc/i686-linux-gnu/5/crtendS.o
 .bss           0x000000000004192e        0x0 /usr/lib/gcc/i686-linux-gnu/5/../../../i386-linux-gnu/crtn.o
 *(COMMON)
 *fill*         0x000000000004192e        0x2 
 COMMON         0x0000000000041930        0x8 build/cooja/mtype296.o
                0x0000000000041930                referenceVar
                0x0000000000041934                sensors_flags
 COMMON         0x0000000000041938        0xc build/cooja/mtype296.a(simEnvChange.o)
                0x0000000000041938                simEtimerPending
                0x000000000004193c                simProcessRunValue
                0x0000000000041940                simEtimerNextExpirationTime
 *fill*         0x0000000000041944        0x4 
 COMMON         0x0000000000041948       0x18 build/cooja/mtype296.a(rtimer-arch.o)
                0x0000000000041948                simRtimerPending
                0x0000000000041950                simRtimerCurrentTicks
                0x0000000000041958                simRtimerNextExpirationTime
 COMMON         0x0000000000041960        0x1 build/cooja/mtype296.a(beep.o)
                0x0000000000041960                simBeeped
 *fill*         0x0000000000041961        0x3 
 COMMON         0x0000000000041964        0xc build/cooja/mtype296.a(moteid.o)
                0x0000000000041964                simRandomSeed
                0x0000000000041968                simMoteIDChanged
                0x000000000004196c                simMoteID
 COMMON         0x0000000000041970        0x2 build/cooja/mtype296.a(pir-sensor.o)
                0x0000000000041970                simPirIsActive
                0x0000000000041971                simPirChanged
 *fill*         0x0000000000041972        0xe 
 COMMON         0x0000000000041980      0x820 build/cooja/mtype296.a(rs232.o)
                0x0000000000041980                simSerialReceivingFlag
                0x0000000000041984                simSerialReceivingLength
                0x00000000000419a0                simSerialReceivingData
 COMMON         0x00000000000421a0        0x2 build/cooja/mtype296.a(vib-sensor.o)
                0x00000000000421a0                simVibChanged
                0x00000000000421a1                simVibIsActive
 *fill*         0x00000000000421a2        0x2 
 COMMON         0x00000000000421a4        0x4 build/cooja/mtype296.a(clock.o)
                0x00000000000421a4                simCurrentTime
 *fill*         0x00000000000421a8       0x18 
 COMMON         0x00000000000421c0     0x2020 build/cooja/mtype296.a(cooja-log.o)
                0x00000000000421c0                simLoggedLength
                0x00000000000421c4                simLoggedFlag
                0x00000000000421e0                simLoggedData
 COMMON         0x00000000000441e0       0xfd build/cooja/mtype296.a(cooja-radio.o)
                0x00000000000441e0                simOutDataBuffer
                0x0000000000044260                simInDataBuffer
 *fill*         0x00000000000442dd        0x3 
 COMMON         0x00000000000442e0      0x400 build/cooja/mtype296.a(eeprom.o)
                0x00000000000442e0                simEEPROMData
 COMMON         0x00000000000446e0        0x1 build/cooja/mtype296.a(sensors.o)
                0x00000000000446e0                sensors_event
 COMMON         0x00000000000446e1        0x2 build/cooja/mtype296.a(buttons.o)
                0x00000000000446e1                simButtonIsDown
                0x00000000000446e2                simButtonChanged
 COMMON         0x00000000000446e3        0x3 build/cooja/mtype296.a(button-hal.o)
                0x00000000000446e3                button_hal_periodic_event
                0x00000000000446e4                button_hal_press_event
                0x00000000000446e5                button_hal_release_event
 COMMON         0x00000000000446e6        0x1 build/cooja/mtype296.a(serial-line.o)
                0x00000000000446e6                serial_line_event_message
 *fill*         0x00000000000446e7        0x1 
 COMMON         0x00000000000446e8       0x2c build/cooja/mtype296.a(packetbuf.o)
                0x00000000000446e8                packetbuf_attrs
                0x0000000000044704                packetbuf_addrs
 COMMON         0x0000000000044714        0x8 build/cooja/mtype296.a(linkaddr.o)
                0x0000000000044714                linkaddr_node_addr
 *fill*         0x000000000004471c        0x4 
 COMMON         0x0000000000044720      0x1a5 build/cooja/mtype296.a(uip-ds6.o)
                0x0000000000044720                uip_ds6_prefix_list
                0x0000000000044780                uip_ds6_timer_periodic
                0x0000000000044790                uip_ds6_netif_addr_list_offset
                0x00000000000447a0                uip_ds6_if
                0x00000000000448bc                uip_ds6_timer_ra
                0x00000000000448c4                uip_ds6_addr_size
 COMMON         0x00000000000448c5        0x1 build/cooja/mtype296.a(tcpip.o)
                0x00000000000448c5                tcpip_event
 *fill*         0x00000000000448c6       0x1a 
 COMMON         0x00000000000448e0      0x648 build/cooja/mtype296.a(uip6.o)
                0x00000000000448e0                uip_slen
                0x00000000000448e4                uip_lladdr
                0x00000000000448ec                uip_appdata
                0x00000000000448f0                uip_flags
                0x0000000000044900                uip_aligned_buf
                0x0000000000044e00                uip_len
                0x0000000000044e04                uip_sappdata
                0x0000000000044e20                uip_udp_conns
                0x0000000000044f20                uip_udp_conn
                0x0000000000044f24                uip_conn
 COMMON         0x0000000000044f28       0x10 build/cooja/mtype296.a(rpl.o)
                0x0000000000044f28                rpl_multicast_addr
 *fill*         0x0000000000044f38        0x8 
 COMMON         0x0000000000044f40       0x20 build/cooja/mtype296.a(link-stats.o)
                0x0000000000044f40                periodic_timer
 COMMON         0x0000000000044f60      0x164 build/cooja/mtype296.a(rpl-dag.o)
                0x0000000000044f60                curr_instance
                0x00000000000450c4                . = ALIGN ((. != 0x0)?0x4:0x1)
                0x00000000000450c4                . = ALIGN (0x4)
                0x00000000000450c4                . = SEGMENT_START ("ldata-segment", .)
                0x00000000000450c4                . = ALIGN (0x4)
                0x00000000000450c4                _end = .
                [!provide]                        PROVIDE (end, .)
                0x00000000000450c4                . = DATA_SEGMENT_END (.)

.stab
 *(.stab)

.stabstr
 *(.stabstr)

.stab.excl
 *(.stab.excl)

.stab.exclstr
 *(.stab.exclstr)

.stab.index
 *(.stab.index)

.stab.indexstr
 *(.stab.indexstr)

.comment        0x0000000000000000       0x35
 *(.comment)
 .comment       0x0000000000000000       0x35 /usr/lib/gcc/i686-linux-gnu/5/crtbeginS.o
                                         0x36 (size before relaxing)
 .comment       0x0000000000000035       0x36 receiver-node.o
 .comment       0x0000000000000035       0x36 build/cooja/mtype296.o
 .comment       0x0000000000000035       0x36 build/cooja/mtype296.a(simEnvChange.o)
 .comment       0x0000000000000035       0x36 build/cooja/mtype296.a(cooja_mt.o)
 .comment       0x0000000000000035       0x36 build/cooja/mtype296.a(cooja_mtarch.o)
 .comment       0x0000000000000035       0x36 build/cooja/mtype296.a(rtimer-arch.o)
 .comment       0x0000000000000035       0x36 build/cooja/mtype296.a(beep.o)
 .comment       0x0000000000000035       0x36 build/cooja/mtype296.a(leds-arch.o)
 .comment       0x0000000000000035       0x36 build/cooja/mtype296.a(moteid.o)
 .comment       0x0000000000000035       0x36 build/cooja/mtype296.a(pir-sensor.o)
 .comment       0x0000000000000035       0x36 build/cooja/mtype296.a(rs232.o)
 .comment       0x0000000000000035       0x36 build/cooja/mtype296.a(vib-sensor.o)
 .comment       0x0000000000000035       0x36 build/cooja/mtype296.a(clock.o)
 .comment       0x0000000000000035       0x36 build/cooja/mtype296.a(cooja-log.o)
 .comment       0x0000000000000035       0x36 build/cooja/mtype296.a(cfs-cooja.o)
 .comment       0x0000000000000035       0x36 build/cooja/mtype296.a(cooja-radio.o)
 .comment       0x0000000000000035       0x36 build/cooja/mtype296.a(eeprom.o)
 .comment       0x0000000000000035       0x36 build/cooja/mtype296.a(random.o)
 .comment       0x0000000000000035       0x36 build/cooja/mtype296.a(sensors.o)